#
# There is insufficient memory for the Java Runtime Environment to continue.
# Native memory allocation (malloc) failed to allocate 1048576 bytes. Error detail: AllocateHeap
# Possible reasons:
#   The system is out of physical RAM or swap space
#   This process is running with CompressedOops enabled, and the Java Heap may be blocking the growth of the native heap
# Possible solutions:
#   Reduce memory load on the system
#   Increase physical memory or swap space
#   Check if swap backing store is full
#   Decrease Java heap size (-Xmx/-Xms)
#   Decrease number of Java threads
#   Decrease Java thread stack sizes (-Xss)
#   Set larger code cache with -XX:ReservedCodeCacheSize=
#   JVM is running with Unscaled Compressed Oops mode in which the Java heap is
#     placed in the first 4GB address space. The Java Heap base address is the
#     maximum limit for the native heap growth. Please use -XX:HeapBaseMinAddress
#     to set the Java Heap base and to place the Java Heap above 4GB virtual address.
# This output file may be truncated or incomplete.
#
#  Out of Memory Error (allocation.cpp:44), pid=13468, tid=10212
#
# JRE version:  (21.0.6) (build )
# Java VM: OpenJDK 64-Bit Server VM (21.0.6+-13368085-b895.109, mixed mode, sharing, tiered, compressed oops, compressed class ptrs, g1 gc, windows-amd64)
# No core dump will be written. Minidumps are not enabled by default on client versions of Windows
#

---------------  S U M M A R Y ------------

Command Line: 

Host: Intel(R) Core(TM) i7-10700 CPU @ 2.90GHz, 16 cores, 31G,  Windows 11 , 64 bit Build 26100 (10.0.26100.7019)
Time: Wed Dec 10 15:28:28 2025 Paris, Madrid elapsed time: 1.049251 seconds (0d 0h 0m 1s)

---------------  T H R E A D  ---------------

Current thread (0x0000022371325780):  JavaThread "Unknown thread" [_thread_in_vm, id=10212, stack(0x000000fba6800000,0x000000fba6900000) (1024K)]

Stack: [0x000000fba6800000,0x000000fba6900000]
Native frames: (J=compiled Java code, j=interpreted, Vv=VM code, C=native code)
V  [jvm.dll+0x6d0639]
V  [jvm.dll+0x85eb03]
V  [jvm.dll+0x86105e]
V  [jvm.dll+0x861743]
V  [jvm.dll+0x27e6e6]
V  [jvm.dll+0xba6e7]
V  [jvm.dll+0x3257c5]
V  [jvm.dll+0x82650d]
V  [jvm.dll+0x3bc158]
V  [jvm.dll+0x80f7f8]
V  [jvm.dll+0x45035e]
V  [jvm.dll+0x451ac1]
C  [jli.dll+0x52ab]
C  [ucrtbase.dll+0x37b0]
C  [KERNEL32.DLL+0x2e8d7]
C  [ntdll.dll+0x8c53c]


---------------  P R O C E S S  ---------------

Threads class SMR info:
_java_thread_list=0x00007ffdc3cd1848, length=0, elements={
}

Java Threads: ( => current thread )
Total: 0

Other Threads:

=>0x0000022371325780 (exited) JavaThread "Unknown thread"    [_thread_in_vm, id=10212, stack(0x000000fba6800000,0x000000fba6900000) (1024K)]
Total: 1

Threads with active compile tasks:
Total: 0

VM state: not at safepoint (not fully initialized)

VM Mutex/Monitor currently owned by a thread: None

Heap address: 0x0000000000000000, size: 0 MB, Compressed Oops mode: 32-bit

CDS archive(s) mapped at: [0x0000000000000000-0x0000000000000000-0x0000000000000000), size 0, SharedBaseAddress: 0x0000000800000000, ArchiveRelocationMode: 1.
Narrow klass base: 0x0000000000000000, Narrow klass shift: 0, Narrow klass range: 0x0

GC Precious Log:
 CardTable entry size: 512
 Card Set container configuration: InlinePtr #cards 4 size 8 Array Of Cards #cards 32 size 80 Howl #buckets 8 coarsen threshold 7372 Howl Bitmap #cards 1024 size 144 coarsen threshold 921 Card regions per heap region 1 cards per card region 8192

GC Heap History (0 events):
No events

Dll operation events (1 events):
Event: 0.022 Loaded shared library C:\Program Files\Android\Android Studio2\jbr\bin\java.dll

Deoptimization events (0 events):
No events

Classes loaded (0 events):
No events

Classes unloaded (0 events):
No events

Classes redefined (0 events):
No events

Internal exceptions (0 events):
No events

ZGC Phase Switch (0 events):
No events

VM Operations (0 events):
No events

Memory protections (0 events):
No events

Nmethod flushes (0 events):
No events

Events (0 events):
No events


Dynamic libraries:
0x00007ff6cc910000 - 0x00007ff6cc91a000 	C:\Program Files\Android\Android Studio2\jbr\bin\java.EXE
0x00007ffeb2be0000 - 0x00007ffeb2e48000 	C:\WINDOWS\SYSTEM32\ntdll.dll
0x00007ffeb1c10000 - 0x00007ffeb1cd9000 	C:\WINDOWS\System32\KERNEL32.DLL
0x00007ffeaff90000 - 0x00007ffeb0388000 	C:\WINDOWS\System32\KERNELBASE.dll
0x00007ffeb0390000 - 0x00007ffeb04db000 	C:\WINDOWS\System32\ucrtbase.dll
0x00007ffea0c00000 - 0x00007ffea0c1b000 	C:\Program Files\Android\Android Studio2\jbr\bin\VCRUNTIME140.dll
0x00007ffe9fef0000 - 0x00007ffe9ff08000 	C:\Program Files\Android\Android Studio2\jbr\bin\jli.dll
0x00007ffeb1440000 - 0x00007ffeb1607000 	C:\WINDOWS\System32\USER32.dll
0x00007ffeaff60000 - 0x00007ffeaff87000 	C:\WINDOWS\System32\win32u.dll
0x00007ffeb1410000 - 0x00007ffeb143b000 	C:\WINDOWS\System32\GDI32.dll
0x00007ffeb04e0000 - 0x00007ffeb060c000 	C:\WINDOWS\System32\gdi32full.dll
0x00007ffeb06d0000 - 0x00007ffeb0773000 	C:\WINDOWS\System32\msvcp_win.dll
0x00007ffe9db70000 - 0x00007ffe9de04000 	C:\WINDOWS\WinSxS\amd64_microsoft.windows.common-controls_6595b64144ccf1df_6.0.26100.7019_none_3e06ffa0e335b8a8\COMCTL32.dll
0x00007ffeb1b50000 - 0x00007ffeb1bf9000 	C:\WINDOWS\System32\msvcrt.dll
0x00007ffeb0980000 - 0x00007ffeb09b1000 	C:\WINDOWS\System32\IMM32.DLL
0x00007ffeac850000 - 0x00007ffeac85c000 	C:\Program Files\Android\Android Studio2\jbr\bin\vcruntime140_1.dll
0x00007ffe70370000 - 0x00007ffe703fd000 	C:\Program Files\Android\Android Studio2\jbr\bin\msvcp140.dll
0x00007ffdc3190000 - 0x00007ffdc3e1b000 	C:\Program Files\Android\Android Studio2\jbr\bin\server\jvm.dll
0x00007ffeb2090000 - 0x00007ffeb2144000 	C:\WINDOWS\System32\ADVAPI32.dll
0x00007ffeb1360000 - 0x00007ffeb1406000 	C:\WINDOWS\System32\sechost.dll
0x00007ffeb16a0000 - 0x00007ffeb17b8000 	C:\WINDOWS\System32\RPCRT4.dll
0x00007ffeb0b30000 - 0x00007ffeb0ba4000 	C:\WINDOWS\System32\WS2_32.dll
0x00007ffea3ab0000 - 0x00007ffea3abb000 	C:\WINDOWS\SYSTEM32\VERSION.dll
0x00007ffea0730000 - 0x00007ffea0765000 	C:\WINDOWS\SYSTEM32\WINMM.dll
0x00007ffeafb90000 - 0x00007ffeafbee000 	C:\WINDOWS\SYSTEM32\POWRPROF.dll
0x00007ffeafb70000 - 0x00007ffeafb84000 	C:\WINDOWS\SYSTEM32\UMPDC.dll
0x00007ffeaeaf0000 - 0x00007ffeaeb0b000 	C:\WINDOWS\SYSTEM32\kernel.appcore.dll
0x00007ffe8d0c0000 - 0x00007ffe8d0ca000 	C:\Program Files\Android\Android Studio2\jbr\bin\jimage.dll
0x00007ffead150000 - 0x00007ffead392000 	C:\WINDOWS\SYSTEM32\DBGHELP.DLL
0x00007ffeb17c0000 - 0x00007ffeb1b4b000 	C:\WINDOWS\System32\combase.dll
0x00007ffeb1e90000 - 0x00007ffeb1f67000 	C:\WINDOWS\System32\OLEAUT32.dll
0x00007ffe9c680000 - 0x00007ffe9c6bc000 	C:\WINDOWS\SYSTEM32\dbgcore.DLL
0x00007ffeafd30000 - 0x00007ffeafdd5000 	C:\WINDOWS\System32\bcryptPrimitives.dll
0x00007ffe8b7c0000 - 0x00007ffe8b7e0000 	C:\Program Files\Android\Android Studio2\jbr\bin\java.dll

dbghelp: loaded successfully - version: 4.0.5 - missing functions: none
symbol engine: initialized successfully - sym options: 0x614 - pdb path: .;C:\Program Files\Android\Android Studio2\jbr\bin;C:\WINDOWS\SYSTEM32;C:\WINDOWS\WinSxS\amd64_microsoft.windows.common-controls_6595b64144ccf1df_6.0.26100.7019_none_3e06ffa0e335b8a8;C:\Program Files\Android\Android Studio2\jbr\bin\server

VM Arguments:
java_command: <unknown>
java_class_path (initial): <not set>
Launcher Type: SUN_STANDARD

[Global flags]
     intx CICompilerCount                          = 12                                        {product} {ergonomic}
     uint ConcGCThreads                            = 3                                         {product} {ergonomic}
     uint G1ConcRefinementThreads                  = 13                                        {product} {ergonomic}
   size_t G1HeapRegionSize                         = 4194304                                   {product} {ergonomic}
    uintx GCDrainStackTargetSize                   = 64                                        {product} {ergonomic}
   size_t InitialHeapSize                          = 532676608                                 {product} {ergonomic}
   size_t MarkStackSize                            = 4194304                                   {product} {ergonomic}
   size_t MaxHeapSize                              = 8518631424                                {product} {ergonomic}
   size_t MinHeapDeltaBytes                        = 4194304                                   {product} {ergonomic}
   size_t MinHeapSize                              = 8388608                                   {product} {ergonomic}
    uintx NonNMethodCodeHeapSize                   = 7602480                                {pd product} {ergonomic}
    uintx NonProfiledCodeHeapSize                  = 122027880                              {pd product} {ergonomic}
    uintx ProfiledCodeHeapSize                     = 122027880                              {pd product} {ergonomic}
    uintx ReservedCodeCacheSize                    = 251658240                              {pd product} {ergonomic}
     bool SegmentedCodeCache                       = true                                      {product} {ergonomic}
   size_t SoftMaxHeapSize                          = 8518631424                             {manageable} {ergonomic}
     bool UseCompressedOops                        = true                           {product lp64_product} {ergonomic}
     bool UseG1GC                                  = true                                      {product} {ergonomic}
     bool UseLargePagesIndividualAllocation        = false                                  {pd product} {ergonomic}

Logging:
Log output configuration:
 #0: stdout all=warning uptime,level,tags foldmultilines=false
 #1: stderr all=off uptime,level,tags foldmultilines=false

Environment Variables:
PATH=C:\Program Files\Common Files\Oracle\Java\javapath;C:\Windows\system32;C:\Windows;C:\Windows\System32\Wbem;C:\Windows\System32\WindowsPowerShell\v1.0\;C:\Windows\System32\OpenSSH\;C:\Program Files\Git\cmd;C:\Program Files\dotnet\;C:\Program Files\Microsoft SQL Server\130\Tools\Binn\;C:\Program Files\Microsoft SQL Server\Client SDK\ODBC\170\Tools\Binn\;C:\Program Files\Microsoft VS Code\bin;C:\wamp64\bin\php\php8.2.18;C:\ProgramData\ComposerSetup\bin;C:\Symfony;C:\WINDOWS\system32;C:\WINDOWS;C:\WINDOWS\System32\Wbem;C:\WINDOWS\System32\WindowsPowerShell\v1.0\;C:\WINDOWS\System32\OpenSSH\;C:\devcross\flutter\bin;C:\Program Files\nodejs\;C:\Users\SIO2\AppData\Local\Microsoft\WindowsApps;C:\Users\SIO2\AppData\Roaming\Composer\vendor\bin;C:\Users\SIO2\AppData\Local\GitHubDesktop\bin;C:\devcross\flutter\bin;C:\Users\SIO2\AppData\Roaming\npm;;C:\devcross\flutter\bin\mingit\cmd;C:\devcross\flutter\bin\mingit\cmd
USERNAME=SIO2
OS=Windows_NT
PROCESSOR_IDENTIFIER=Intel64 Family 6 Model 165 Stepping 5, GenuineIntel
TMP=C:\Users\SIO2\AppData\Local\Temp
TEMP=C:\Users\SIO2\AppData\Local\Temp




Periodic native trim disabled

JNI global refs:
JNI global refs: 0, weak refs: 0

JNI global refs memory usage: 0, weak refs: 0

Process memory usage:
Resident Set Size: 12132K (0% of 33259528K total physical memory with 12460960K free physical memory)

OOME stack traces (most recent first):
Classloader memory used:

---------------  S Y S T E M  ---------------

OS:
 Windows 11 , 64 bit Build 26100 (10.0.26100.7019)
OS uptime: 1 days 0:50 hours

CPU: total 16 (initial active 16) (8 cores per cpu, 2 threads per core) family 6 model 165 stepping 5 microcode 0xee, cx8, cmov, fxsr, ht, mmx, 3dnowpref, sse, sse2, sse3, ssse3, sse4.1, sse4.2, popcnt, lzcnt, tsc, tscinvbit, avx, avx2, aes, erms, clmul, bmi1, bmi2, adx, fma, vzeroupper, clflush, clflushopt, rdtscp, f16c, pku
Processor Information for the first 16 processors :
  Max Mhz: 2904, Current Mhz: 2904, Mhz Limit: 2904

Memory: 4k page, system-wide physical 32480M (12168M free)
TotalPageFile size 93342M (AvailPageFile size 11M)
current process WorkingSet (physical memory assigned to process): 11M, peak: 11M
current process commit charge ("private bytes"): 20M, peak: 21M

vm_info: OpenJDK 64-Bit Server VM (21.0.6+-13368085-b895.109) for windows-amd64 JRE (21.0.6+-13368085-b895.109), built on 2025-04-16T17:01:31Z by "builder" with MS VC++ 16.10 / 16.11 (VS2019)

END.
